2026-06-06 17:22:16,238 - aqt.main - INFO - installer 140704318595904 aqtinstall(aqt) v3.3.0 on Python 3.11.15 [CPython Clang 22.1.3 ]
2026-06-06 17:22:16,239 - aqt.helper - DEBUG - helper 140704318595904 Attempt to download checksum at https://download.qt.io/online/qtsdkrepository/mac_x64/desktop/qt6_683/qt6_683/Updates.xml.sha256
2026-06-06 17:22:18,042 - aqt.helper - DEBUG - helper 140704318595904 Attempt to download checksum at https://download.qt.io/online/qtsdkrepository/mac_x64/extensions/qtwebengine/683/clang_64/Updates.xml.sha256
2026-06-06 17:22:19,627 - aqt.archives - INFO - archives 140704318595904 Found extension qtwebengine
2026-06-06 17:22:19,628 - aqt.helper - DEBUG - helper 140704318595904 Attempt to download checksum at https://download.qt.io/online/qtsdkrepository/mac_x64/extensions/qtpdf/683/clang_64/Updates.xml.sha256
2026-06-06 17:22:21,220 - aqt.archives - INFO - archives 140704318595904 Found extension qtpdf
2026-06-06 17:22:21,935 - aqt.helper - DEBUG - helper 140704318595904 Attempt to download checksum at https://download.qt.io/online/qtsdkrepository/mac_x64/desktop/qt6_683/qt6_683/qt.qt6.683.addons.qtcharts.clang_64/6.8.3-0-202503201723qtcharts-MacOS-MacOS_14-Clang-MacOS-MacOS_14-X86_64-ARM64.7z.sha256
2026-06-06 17:22:21,935 - aqt.helper - DEBUG - helper 140704318595904 Attempt to download checksum at https://download.qt.io/online/qtsdkrepository/mac_x64/desktop/qt6_683/qt6_683/qt.qt6.683.addons.qtspeech.clang_64/6.8.3-0-202503201723qtspeech-MacOS-MacOS_14-Clang-MacOS-MacOS_14-X86_64-ARM64.7z.sha256
2026-06-06 17:22:21,936 - aqt.helper - DEBUG - helper 140704318595904 Attempt to download checksum at https://download.qt.io/online/qtsdkrepository/mac_x64/desktop/qt6_683/qt6_683/qt.qt6.683.addons.qtmultimedia.clang_64/6.8.3-0-202503201723qtmultimedia-MacOS-MacOS_14-Clang-MacOS-MacOS_14-X86_64-ARM64.7z.sha256
2026-06-06 17:22:21,937 - aqt.helper - DEBUG - helper 140704318595904 Attempt to download checksum at https://download.qt.io/online/qtsdkrepository/mac_x64/desktop/qt6_683/qt6_683/qt.qt6.683.addons.qtwebsockets.clang_64/6.8.3-0-202503201723qtwebsockets-MacOS-MacOS_14-Clang-MacOS-MacOS_14-X86_64-ARM64.7z.sha256
2026-06-06 17:22:22,740 - aqt.helper - INFO - helper 140704318595904 Downloading qtmultimedia...
2026-06-06 17:22:22,740 - aqt.installer - DEBUG - installer 140704318595904 Download URL: https://download.qt.io/online/qtsdkrepository/mac_x64/desktop/qt6_683/qt6_683/qt.qt6.683.addons.qtmultimedia.clang_64/6.8.3-0-202503201723qtmultimedia-MacOS-MacOS_14-Clang-MacOS-MacOS_14-X86_64-ARM64.7z
2026-06-06 17:22:22,746 - aqt.helper - INFO - helper 140704318595904 Downloading qtwebsockets...
2026-06-06 17:22:22,746 - aqt.helper - INFO - helper 140704318595904 Downloading qtcharts...
2026-06-06 17:22:22,746 - aqt.installer - DEBUG - installer 140704318595904 Download URL: https://download.qt.io/online/qtsdkrepository/mac_x64/desktop/qt6_683/qt6_683/qt.qt6.683.addons.qtwebsockets.clang_64/6.8.3-0-202503201723qtwebsockets-MacOS-MacOS_14-Clang-MacOS-MacOS_14-X86_64-ARM64.7z
2026-06-06 17:22:22,746 - aqt.installer - DEBUG - installer 140704318595904 Download URL: https://download.qt.io/online/qtsdkrepository/mac_x64/desktop/qt6_683/qt6_683/qt.qt6.683.addons.qtcharts.clang_64/6.8.3-0-202503201723qtcharts-MacOS-MacOS_14-Clang-MacOS-MacOS_14-X86_64-ARM64.7z
2026-06-06 17:22:23,533 - aqt.helper - DEBUG - helper 140704318595904 Asked to redirect(302) to: https://ftp.jaist.ac.jp/pub/qtproject/online/qtsdkrepository/mac_x64/desktop/qt6_683/qt6_683/qt.qt6.683.addons.qtcharts.clang_64/6.8.3-0-202503201723qtcharts-MacOS-MacOS_14-Clang-MacOS-MacOS_14-X86_64-ARM64.7z
2026-06-06 17:22:23,533 - aqt.helper - INFO - helper 140704318595904 Redirected: ftp.jaist.ac.jp
2026-06-06 17:22:23,536 - aqt.helper - DEBUG - helper 140704318595904 Asked to redirect(302) to: https://ftp.jaist.ac.jp/pub/qtproject/online/qtsdkrepository/mac_x64/desktop/qt6_683/qt6_683/qt.qt6.683.addons.qtmultimedia.clang_64/6.8.3-0-202503201723qtmultimedia-MacOS-MacOS_14-Clang-MacOS-MacOS_14-X86_64-ARM64.7z
2026-06-06 17:22:23,536 - aqt.helper - INFO - helper 140704318595904 Redirected: ftp.jaist.ac.jp
2026-06-06 17:22:23,548 - aqt.helper - DEBUG - helper 140704318595904 Asked to redirect(302) to: https://ftp.jaist.ac.jp/pub/qtproject/online/qtsdkrepository/mac_x64/desktop/qt6_683/qt6_683/qt.qt6.683.addons.qtwebsockets.clang_64/6.8.3-0-202503201723qtwebsockets-MacOS-MacOS_14-Clang-MacOS-MacOS_14-X86_64-ARM64.7z
2026-06-06 17:22:23,549 - aqt.helper - INFO - helper 140704318595904 Redirected: ftp.jaist.ac.jp
2026-06-06 17:22:23,734 - aqt.helper - INFO - helper 140704318595904 Downloading qtspeech...
2026-06-06 17:22:23,735 - aqt.installer - DEBUG - installer 140704318595904 Download URL: https://download.qt.io/online/qtsdkrepository/mac_x64/desktop/qt6_683/qt6_683/qt.qt6.683.addons.qtspeech.clang_64/6.8.3-0-202503201723qtspeech-MacOS-MacOS_14-Clang-MacOS-MacOS_14-X86_64-ARM64.7z
2026-06-06 17:22:24,527 - aqt.helper - DEBUG - helper 140704318595904 Asked to redirect(302) to: https://ftp.jaist.ac.jp/pub/qtproject/online/qtsdkrepository/mac_x64/desktop/qt6_683/qt6_683/qt.qt6.683.addons.qtspeech.clang_64/6.8.3-0-202503201723qtspeech-MacOS-MacOS_14-Clang-MacOS-MacOS_14-X86_64-ARM64.7z
2026-06-06 17:22:24,527 - aqt.helper - INFO - helper 140704318595904 Redirected: ftp.jaist.ac.jp
2026-06-06 17:22:37,588 - aqt.installer - INFO - installer 140704318595904 Finished installation of qtwebsockets-MacOS-MacOS_14-Clang-MacOS-MacOS_14-X86_64-ARM64.7z in 15.65262335
2026-06-06 17:22:37,608 - aqt.helper - DEBUG - helper 140704318595904 Attempt to download checksum at https://download.qt.io/online/qtsdkrepository/mac_x64/desktop/qt6_683/qt6_683/qt.qt6.683.clang_64/6.8.3-0-202503201723qtbase-MacOS-MacOS_14-Clang-MacOS-MacOS_14-X86_64-ARM64.7z.sha256
2026-06-06 17:22:38,397 - aqt.helper - INFO - helper 140704318595904 Downloading qtbase...
2026-06-06 17:22:38,397 - aqt.installer - DEBUG - installer 140704318595904 Download URL: https://download.qt.io/online/qtsdkrepository/mac_x64/desktop/qt6_683/qt6_683/qt.qt6.683.clang_64/6.8.3-0-202503201723qtbase-MacOS-MacOS_14-Clang-MacOS-MacOS_14-X86_64-ARM64.7z
2026-06-06 17:22:39,196 - aqt.helper - DEBUG - helper 140704318595904 Asked to redirect(302) to: https://ftp.jaist.ac.jp/pub/qtproject/online/qtsdkrepository/mac_x64/desktop/qt6_683/qt6_683/qt.qt6.683.clang_64/6.8.3-0-202503201723qtbase-MacOS-MacOS_14-Clang-MacOS-MacOS_14-X86_64-ARM64.7z
2026-06-06 17:22:39,196 - aqt.helper - INFO - helper 140704318595904 Redirected: ftp.jaist.ac.jp
2026-06-06 17:22:40,879 - aqt.installer - INFO - installer 140704318595904 Finished installation of qtspeech-MacOS-MacOS_14-Clang-MacOS-MacOS_14-X86_64-ARM64.7z in 18.94587720
2026-06-06 17:22:40,895 - aqt.helper - DEBUG - helper 140704318595904 Attempt to download checksum at https://download.qt.io/online/qtsdkrepository/mac_x64/desktop/qt6_683/qt6_683/qt.qt6.683.clang_64/6.8.3-0-202503201723qtdeclarative-MacOS-MacOS_14-Clang-MacOS-MacOS_14-X86_64-ARM64.7z.sha256
2026-06-06 17:22:41,688 - aqt.helper - INFO - helper 140704318595904 Downloading qtdeclarative...
2026-06-06 17:22:41,688 - aqt.installer - DEBUG - installer 140704318595904 Download URL: https://download.qt.io/online/qtsdkrepository/mac_x64/desktop/qt6_683/qt6_683/qt.qt6.683.clang_64/6.8.3-0-202503201723qtdeclarative-MacOS-MacOS_14-Clang-MacOS-MacOS_14-X86_64-ARM64.7z
2026-06-06 17:22:42,527 - aqt.helper - DEBUG - helper 140704318595904 Asked to redirect(302) to: https://ftp.jaist.ac.jp/pub/qtproject/online/qtsdkrepository/mac_x64/desktop/qt6_683/qt6_683/qt.qt6.683.clang_64/6.8.3-0-202503201723qtdeclarative-MacOS-MacOS_14-Clang-MacOS-MacOS_14-X86_64-ARM64.7z
2026-06-06 17:22:42,527 - aqt.helper - INFO - helper 140704318595904 Redirected: ftp.jaist.ac.jp
2026-06-06 17:22:49,560 - aqt.installer - INFO - installer 140704318595904 Finished installation of qtcharts-MacOS-MacOS_14-Clang-MacOS-MacOS_14-X86_64-ARM64.7z in 27.62717830
2026-06-06 17:22:49,579 - aqt.helper - DEBUG - helper 140704318595904 Attempt to download checksum at https://download.qt.io/online/qtsdkrepository/mac_x64/desktop/qt6_683/qt6_683/qt.qt6.683.clang_64/6.8.3-0-202503201723qtsvg-MacOS-MacOS_14-Clang-MacOS-MacOS_14-X86_64-ARM64.7z.sha256
2026-06-06 17:22:50,376 - aqt.helper - INFO - helper 140704318595904 Downloading qtsvg...
2026-06-06 17:22:50,377 - aqt.installer - DEBUG - installer 140704318595904 Download URL: https://download.qt.io/online/qtsdkrepository/mac_x64/desktop/qt6_683/qt6_683/qt.qt6.683.clang_64/6.8.3-0-202503201723qtsvg-MacOS-MacOS_14-Clang-MacOS-MacOS_14-X86_64-ARM64.7z
2026-06-06 17:22:51,173 - aqt.helper - DEBUG - helper 140704318595904 Asked to redirect(302) to: https://ftp.jaist.ac.jp/pub/qtproject/online/qtsdkrepository/mac_x64/desktop/qt6_683/qt6_683/qt.qt6.683.clang_64/6.8.3-0-202503201723qtsvg-MacOS-MacOS_14-Clang-MacOS-MacOS_14-X86_64-ARM64.7z
2026-06-06 17:22:51,173 - aqt.helper - INFO - helper 140704318595904 Redirected: ftp.jaist.ac.jp
2026-06-06 17:23:25,200 - aqt.installer - INFO - installer 140704318595904 Finished installation of qtsvg-MacOS-MacOS_14-Clang-MacOS-MacOS_14-X86_64-ARM64.7z in 35.62155852
2026-06-06 17:23:25,217 - aqt.helper - DEBUG - helper 140704318595904 Attempt to download checksum at https://download.qt.io/online/qtsdkrepository/mac_x64/desktop/qt6_683/qt6_683/qt.qt6.683.clang_64/6.8.3-0-202503201723qttools-MacOS-MacOS_14-Clang-MacOS-MacOS_14-X86_64-ARM64.7z.sha256
2026-06-06 17:23:26,053 - aqt.helper - INFO - helper 140704318595904 Downloading qttools...
2026-06-06 17:23:26,054 - aqt.installer - DEBUG - installer 140704318595904 Download URL: https://download.qt.io/online/qtsdkrepository/mac_x64/desktop/qt6_683/qt6_683/qt.qt6.683.clang_64/6.8.3-0-202503201723qttools-MacOS-MacOS_14-Clang-MacOS-MacOS_14-X86_64-ARM64.7z
2026-06-06 17:23:26,844 - aqt.helper - DEBUG - helper 140704318595904 Asked to redirect(302) to: https://ftp.jaist.ac.jp/pub/qtproject/online/qtsdkrepository/mac_x64/desktop/qt6_683/qt6_683/qt.qt6.683.clang_64/6.8.3-0-202503201723qttools-MacOS-MacOS_14-Clang-MacOS-MacOS_14-X86_64-ARM64.7z
2026-06-06 17:23:26,844 - aqt.helper - INFO - helper 140704318595904 Redirected: ftp.jaist.ac.jp
2026-06-06 17:24:03,069 - aqt.installer - INFO - installer 140704318595904 Finished installation of qtmultimedia-MacOS-MacOS_14-Clang-MacOS-MacOS_14-X86_64-ARM64.7z in 101.13608638
2026-06-06 17:24:03,092 - aqt.helper - DEBUG - helper 140704318595904 Attempt to download checksum at https://download.qt.io/online/qtsdkrepository/mac_x64/desktop/qt6_683/qt6_683/qt.qt6.683.clang_64/6.8.3-0-202503201723qttranslations-MacOS-MacOS_14-Clang-MacOS-MacOS_14-X86_64-ARM64.7z.sha256
2026-06-06 17:24:03,885 - aqt.helper - INFO - helper 140704318595904 Downloading qttranslations...
2026-06-06 17:24:03,886 - aqt.installer - DEBUG - installer 140704318595904 Download URL: https://download.qt.io/online/qtsdkrepository/mac_x64/desktop/qt6_683/qt6_683/qt.qt6.683.clang_64/6.8.3-0-202503201723qttranslations-MacOS-MacOS_14-Clang-MacOS-MacOS_14-X86_64-ARM64.7z
2026-06-06 17:24:04,687 - aqt.helper - DEBUG - helper 140704318595904 Asked to redirect(302) to: https://ftp.jaist.ac.jp/pub/qtproject/online/qtsdkrepository/mac_x64/desktop/qt6_683/qt6_683/qt.qt6.683.clang_64/6.8.3-0-202503201723qttranslations-MacOS-MacOS_14-Clang-MacOS-MacOS_14-X86_64-ARM64.7z
2026-06-06 17:24:04,687 - aqt.helper - INFO - helper 140704318595904 Redirected: ftp.jaist.ac.jp
2026-06-06 17:24:18,299 - aqt.installer - INFO - installer 140704318595904 Finished installation of qttranslations-MacOS-MacOS_14-Clang-MacOS-MacOS_14-X86_64-ARM64.7z in 15.20926070
2026-06-06 17:46:42,104 - aqt.installer - INFO - installer 140704318595904 Finished installation of qttools-MacOS-MacOS_14-Clang-MacOS-MacOS_14-X86_64-ARM64.7z in 1396.89065093
2026-06-06 17:49:50,579 - aqt.installer - INFO - installer 140704318595904 Finished installation of qtbase-MacOS-MacOS_14-Clang-MacOS-MacOS_14-X86_64-ARM64.7z in 1632.96719923
